[debug] [2026-04-19T21:49:45.061Z] ----------------------------------------------------------------------
[debug] [2026-04-19T21:49:45.062Z] Command:       /Users/prakarshthakur/.nvm/versions/node/v24.11.0/bin/node /Users/prakarshthakur/.npm/_npx/ba4f1959e38407b5/node_modules/.bin/firebase use
[debug] [2026-04-19T21:49:45.062Z] CLI Version:   15.15.0
[debug] [2026-04-19T21:49:45.062Z] Platform:      darwin
[debug] [2026-04-19T21:49:45.062Z] Node Version:  v24.11.0
[debug] [2026-04-19T21:49:45.063Z] Time:          Mon Apr 20 2026 03:19:45 GMT+0530 (India Standard Time)
[debug] [2026-04-19T21:49:45.063Z] ----------------------------------------------------------------------
[debug] 
[debug] [2026-04-19T21:49:45.063Z] >>> [apiv2][query] GET https://firebase-public.firebaseio.com/cli.json [none]
[debug] [2026-04-19T21:49:45.136Z] > command requires scopes: ["email","openid","https://www.googleapis.com/auth/cloudplatformprojects.readonly","https://www.googleapis.com/auth/firebase","https://www.googleapis.com/auth/cloud-platform"]
[debug] [2026-04-19T21:49:45.136Z] > authorizing via signed-in user (nxusglobal@gmail.com)
[info] nxusdxb
[debug] [2026-04-19T21:49:52.558Z] ----------------------------------------------------------------------
[debug] [2026-04-19T21:49:52.559Z] Command:       /Users/prakarshthakur/.nvm/versions/node/v24.11.0/bin/node /Users/prakarshthakur/.npm/_npx/ba4f1959e38407b5/node_modules/.bin/firebase deploy --only hosting
[debug] [2026-04-19T21:49:52.559Z] CLI Version:   15.15.0
[debug] [2026-04-19T21:49:52.559Z] Platform:      darwin
[debug] [2026-04-19T21:49:52.559Z] Node Version:  v24.11.0
[debug] [2026-04-19T21:49:52.559Z] Time:          Mon Apr 20 2026 03:19:52 GMT+0530 (India Standard Time)
[debug] [2026-04-19T21:49:52.559Z] ----------------------------------------------------------------------
[debug] 
[debug] [2026-04-19T21:49:52.560Z] >>> [apiv2][query] GET https://firebase-public.firebaseio.com/cli.json [none]
[debug] [2026-04-19T21:49:53.275Z] > command requires scopes: ["email","openid","https://www.googleapis.com/auth/cloudplatformprojects.readonly","https://www.googleapis.com/auth/firebase","https://www.googleapis.com/auth/cloud-platform"]
[debug] [2026-04-19T21:49:53.275Z] > authorizing via signed-in user (nxusglobal@gmail.com)
[debug] [2026-04-19T21:49:53.275Z] [iam] checking project nxusdxb for permissions ["firebase.projects.get","firebasehosting.sites.update"]
[debug] [2026-04-19T21:49:53.275Z] Checked if tokens are valid: false, expires at: 1776355861305
[debug] [2026-04-19T21:49:53.276Z] Checked if tokens are valid: false, expires at: 1776355861305
[debug] [2026-04-19T21:49:53.276Z] > refreshing access token with scopes: []
[debug] [2026-04-19T21:49:53.276Z] >>> [apiv2][query] POST https://www.googleapis.com/oauth2/v3/token [none]
[debug] [2026-04-19T21:49:53.276Z] >>> [apiv2][body] POST https://www.googleapis.com/oauth2/v3/token [omitted]
[debug] [2026-04-19T21:49:53.496Z] <<< [apiv2][status] POST https://www.googleapis.com/oauth2/v3/token 200
[debug] [2026-04-19T21:49:53.496Z] <<< [apiv2][body] POST https://www.googleapis.com/oauth2/v3/token [omitted]
[debug] [2026-04-19T21:49:53.506Z] >>> [apiv2][query] POST https://cloudresourcemanager.googleapis.com/v1/projects/nxusdxb:testIamPermissions [none]
[debug] [2026-04-19T21:49:53.506Z] >>> [apiv2][(partial)header] POST https://cloudresourcemanager.googleapis.com/v1/projects/nxusdxb:testIamPermissions  x-goog-user-project=nxusdxb
[debug] [2026-04-19T21:49:53.506Z] >>> [apiv2][body] POST https://cloudresourcemanager.googleapis.com/v1/projects/nxusdxb:testIamPermissions {"permissions":["firebase.projects.get","firebasehosting.sites.update"]}
[debug] [2026-04-19T21:49:53.918Z] <<< [apiv2][status] GET https://firebase-public.firebaseio.com/cli.json 200
[debug] [2026-04-19T21:49:53.918Z] <<< [apiv2][body] GET https://firebase-public.firebaseio.com/cli.json {"cloudBuildErrorAfter":1594252800000,"cloudBuildWarnAfter":1590019200000,"defaultNode10After":1594252800000,"minVersion":"3.0.5","node8DeploysDisabledAfter":1613390400000,"node8RuntimeDisabledAfter":1615809600000,"node8WarnAfter":1600128000000}
[debug] [2026-04-19T21:49:55.091Z] <<< [apiv2][status] POST https://cloudresourcemanager.googleapis.com/v1/projects/nxusdxb:testIamPermissions 200
[debug] [2026-04-19T21:49:55.091Z] <<< [apiv2][body] POST https://cloudresourcemanager.googleapis.com/v1/projects/nxusdxb:testIamPermissions {"permissions":["firebase.projects.get","firebasehosting.sites.update"]}
[debug] [2026-04-19T21:49:55.092Z] Checked if tokens are valid: true, expires at: 1776638992496
[debug] [2026-04-19T21:49:55.092Z] Checked if tokens are valid: true, expires at: 1776638992496
[debug] [2026-04-19T21:49:55.093Z] >>> [apiv2][query] GET https://firebase.googleapis.com/v1beta1/projects/nxusdxb [none]
[debug] [2026-04-19T21:49:55.798Z] <<< [apiv2][status] GET https://firebase.googleapis.com/v1beta1/projects/nxusdxb 200
[debug] [2026-04-19T21:49:55.799Z] <<< [apiv2][body] GET https://firebase.googleapis.com/v1beta1/projects/nxusdxb {"projectId":"nxusdxb","projectNumber":"518385929367","displayName":"NXUS","name":"projects/nxusdxb","resources":{"hostingSite":"nxusdxb"},"state":"ACTIVE","etag":"1_119adc85-02c5-43a8-82fa-fcc5d9ff90c8"}
[info] 
[info] === Deploying to 'nxusdxb'...
[info] 
[info] i  deploying hosting 
[info] Running command: npm run build
[info] ✔  hosting: Finished running predeploy script. 
[debug] [2026-04-19T21:49:57.161Z] Checked if tokens are valid: true, expires at: 1776638992496
[debug] [2026-04-19T21:49:57.161Z] Checked if tokens are valid: true, expires at: 1776638992496
[debug] [2026-04-19T21:49:57.161Z] >>> [apiv2][query] POST https://firebasehosting.googleapis.com/v1beta1/projects/-/sites/nxusdxb/versions [none]
[debug] [2026-04-19T21:49:57.161Z] >>> [apiv2][body] POST https://firebasehosting.googleapis.com/v1beta1/projects/-/sites/nxusdxb/versions {"status":"CREATED","labels":{"deployment-tool":"cli-firebase"}}
[debug] [2026-04-19T21:49:59.233Z] <<< [apiv2][status] POST https://firebasehosting.googleapis.com/v1beta1/projects/-/sites/nxusdxb/versions 200
[debug] [2026-04-19T21:49:59.234Z] <<< [apiv2][body] POST https://firebasehosting.googleapis.com/v1beta1/projects/-/sites/nxusdxb/versions {"name":"projects/518385929367/sites/nxusdxb/versions/e71cd940ca611696","status":"CREATED","config":{},"labels":{"deployment-tool":"cli-firebase"}}
[info] i  hosting[nxusdxb]: beginning deploy... 
[info] i  hosting[nxusdxb]: found 13 files in dist 
[debug] [2026-04-19T21:49:59.247Z] [hosting] uploading with 200 concurrency
[debug] [2026-04-19T21:49:59.262Z] Checked if tokens are valid: true, expires at: 1776638992496
[debug] [2026-04-19T21:49:59.262Z] Checked if tokens are valid: true, expires at: 1776638992496
[debug] [2026-04-19T21:49:59.262Z] [hosting] hash cache [ZGlzdA] stored for 13 files
[debug] [2026-04-19T21:49:59.263Z] [hosting][hash queue][FINAL] {"max":10,"min":4,"avg":5.230769230769231,"active":0,"complete":13,"success":13,"errored":0,"retried":0,"total":13,"elapsed":13}
[debug] [2026-04-19T21:49:59.263Z] >>> [apiv2][query] POST https://firebasehosting.googleapis.com/v1beta1/projects/518385929367/sites/nxusdxb/versions/e71cd940ca611696:populateFiles [none]
[debug] [2026-04-19T21:49:59.263Z] >>> [apiv2][body] POST https://firebasehosting.googleapis.com/v1beta1/projects/518385929367/sites/nxusdxb/versions/e71cd940ca611696:populateFiles {"files":{"/sw.js":"816a74223083151dc3d2480c4893d3eb9dc3c84d6aaca8cd3e6bcd9193033fee","/index.html":"a153ec478d8a975b73505f072a525296df2b0ba6b45adb43d89a3c866196259b","/manifest.webmanifest":"33dd2315f2bb1a2a188ff997700470d3921c62fc8847b11f2afff25e93eec7d2","/icons/icon-192.png":"9f578a821cbfa2637ec5cc9fc7e380c09f74e9365e9f6d0c64cc5ac8e3e93d5a","/workbox-8c29f6e4.js":"c1360d97831a7585ba8f5c2631c0b3b78258637b50e1329c8f7fc0837604e59a","/assets/nxus_logo_icon.svg":"861e3c612e5cc7f0a6afa24f113716c322fb790879e1b0f864848d574534487d","/assets/workbox-window.prod.es5-vqzQaGvo.js":"be9b95cbc674b1458179d29a41389f0ffcc2c8efaedfd55b3313d3fc90ab0d83","/icons/icon-512.png":"080aacf5ce817a7277950885da323814cbf06502053f6fa1f0ebf853f211762c","/fonts/grovant.otf":"05123ec2e3958e693416c7e6cf785591619c67a81f79f97fb46d031569d560f2","/assets/nxus_logo_mobile.png":"8f83ffa25ef1d6e782ab43ac6bae60195f7668edfef25f7a2372f11b5ab7247a","/assets/nxus_logo.png":"daa90a9ae90c9de10aa45e35dcbea2540a1c3766b5ea03fbdb5ea5282b202183","/assets/nxus_logo_mobile_cropped.png":"e4af3879bf89c70cb0711b2a46fde1f26a865779ea3eab4f574caf28673ab5b4","/assets/index-D9nlgIU3.js":"ec219573c8a81fbc3e57fea01e952eb8e46a2e22a8faf9b65adaa861e0b60e7a"}}
[debug] [2026-04-19T21:50:00.029Z] <<< [apiv2][status] POST https://firebasehosting.googleapis.com/v1beta1/projects/518385929367/sites/nxusdxb/versions/e71cd940ca611696:populateFiles 200
[debug] [2026-04-19T21:50:00.029Z] <<< [apiv2][body] POST https://firebasehosting.googleapis.com/v1beta1/projects/518385929367/sites/nxusdxb/versions/e71cd940ca611696:populateFiles {"uploadRequiredHashes":["816a74223083151dc3d2480c4893d3eb9dc3c84d6aaca8cd3e6bcd9193033fee","a153ec478d8a975b73505f072a525296df2b0ba6b45adb43d89a3c866196259b","ec219573c8a81fbc3e57fea01e952eb8e46a2e22a8faf9b65adaa861e0b60e7a"],"uploadUrl":"https://upload-firebasehosting.googleapis.com/upload/sites/nxusdxb/versions/e71cd940ca611696/files"}
[debug] [2026-04-19T21:50:00.030Z] Checked if tokens are valid: true, expires at: 1776638992496
[debug] [2026-04-19T21:50:00.030Z] Checked if tokens are valid: true, expires at: 1776638992496
[debug] [2026-04-19T21:50:00.031Z] Checked if tokens are valid: true, expires at: 1776638992496
[debug] [2026-04-19T21:50:00.031Z] Checked if tokens are valid: true, expires at: 1776638992496
[debug] [2026-04-19T21:50:00.031Z] Checked if tokens are valid: true, expires at: 1776638992496
[debug] [2026-04-19T21:50:00.031Z] Checked if tokens are valid: true, expires at: 1776638992496
[debug] [2026-04-19T21:50:00.032Z] >>> [apiv2][query] POST https://upload-firebasehosting.googleapis.com/upload/sites/nxusdxb/versions/e71cd940ca611696/files/816a74223083151dc3d2480c4893d3eb9dc3c84d6aaca8cd3e6bcd9193033fee [none]
[debug] [2026-04-19T21:50:00.032Z] >>> [apiv2][body] POST https://upload-firebasehosting.googleapis.com/upload/sites/nxusdxb/versions/e71cd940ca611696/files/816a74223083151dc3d2480c4893d3eb9dc3c84d6aaca8cd3e6bcd9193033fee [stream]
[debug] [2026-04-19T21:50:00.033Z] >>> [apiv2][query] POST https://upload-firebasehosting.googleapis.com/upload/sites/nxusdxb/versions/e71cd940ca611696/files/a153ec478d8a975b73505f072a525296df2b0ba6b45adb43d89a3c866196259b [none]
[debug] [2026-04-19T21:50:00.033Z] >>> [apiv2][body] POST https://upload-firebasehosting.googleapis.com/upload/sites/nxusdxb/versions/e71cd940ca611696/files/a153ec478d8a975b73505f072a525296df2b0ba6b45adb43d89a3c866196259b [stream]
[debug] [2026-04-19T21:50:00.035Z] >>> [apiv2][query] POST https://upload-firebasehosting.googleapis.com/upload/sites/nxusdxb/versions/e71cd940ca611696/files/ec219573c8a81fbc3e57fea01e952eb8e46a2e22a8faf9b65adaa861e0b60e7a [none]
[debug] [2026-04-19T21:50:00.035Z] >>> [apiv2][body] POST https://upload-firebasehosting.googleapis.com/upload/sites/nxusdxb/versions/e71cd940ca611696/files/ec219573c8a81fbc3e57fea01e952eb8e46a2e22a8faf9b65adaa861e0b60e7a [stream]
[debug] [2026-04-19T21:50:00.037Z] [hosting][populate queue][FINAL] {"max":769,"min":769,"avg":769,"active":0,"complete":1,"success":1,"errored":0,"retried":0,"total":1,"elapsed":775}
[debug] [2026-04-19T21:50:00.037Z] [hosting] uploads queued: 3
[info] i  hosting: uploading new files [0/3] (0%) 
[debug] [2026-04-19T21:50:01.833Z] <<< [apiv2][status] POST https://upload-firebasehosting.googleapis.com/upload/sites/nxusdxb/versions/e71cd940ca611696/files/a153ec478d8a975b73505f072a525296df2b0ba6b45adb43d89a3c866196259b 200
[debug] [2026-04-19T21:50:01.833Z] <<< [apiv2][body] POST https://upload-firebasehosting.googleapis.com/upload/sites/nxusdxb/versions/e71cd940ca611696/files/a153ec478d8a975b73505f072a525296df2b0ba6b45adb43d89a3c866196259b [stream]
[debug] [2026-04-19T21:50:01.906Z] <<< [apiv2][status] POST https://upload-firebasehosting.googleapis.com/upload/sites/nxusdxb/versions/e71cd940ca611696/files/ec219573c8a81fbc3e57fea01e952eb8e46a2e22a8faf9b65adaa861e0b60e7a 200
[debug] [2026-04-19T21:50:01.906Z] <<< [apiv2][body] POST https://upload-firebasehosting.googleapis.com/upload/sites/nxusdxb/versions/e71cd940ca611696/files/ec219573c8a81fbc3e57fea01e952eb8e46a2e22a8faf9b65adaa861e0b60e7a [stream]
[debug] [2026-04-19T21:50:02.442Z] <<< [apiv2][status] POST https://upload-firebasehosting.googleapis.com/upload/sites/nxusdxb/versions/e71cd940ca611696/files/816a74223083151dc3d2480c4893d3eb9dc3c84d6aaca8cd3e6bcd9193033fee 200
[debug] [2026-04-19T21:50:02.443Z] <<< [apiv2][body] POST https://upload-firebasehosting.googleapis.com/upload/sites/nxusdxb/versions/e71cd940ca611696/files/816a74223083151dc3d2480c4893d3eb9dc3c84d6aaca8cd3e6bcd9193033fee [stream]
[debug] [2026-04-19T21:50:02.443Z] [hosting][upload queue][FINAL] {"max":2413,"min":1803,"avg":2030.6666666666667,"active":0,"complete":3,"success":3,"errored":0,"retried":0,"total":3,"elapsed":2413}
[info] i  hosting: upload complete 
[info] ✔  hosting[nxusdxb]: file upload complete 
[debug] [2026-04-19T21:50:02.443Z] [hosting] deploy completed after 3206ms
[debug] [2026-04-19T21:50:02.444Z] [
  {
    "config": {
      "public": "dist",
      "ignore": [
        "firebase.json",
        "**/.*",
        "**/node_modules/**"
      ],
      "rewrites": [
        {
          "source": "**",
          "destination": "/index.html"
        }
      ],
      "predeploy": [
        "npm run build"
      ],
      "site": "nxusdxb"
    },
    "version": "projects/518385929367/sites/nxusdxb/versions/e71cd940ca611696"
  }
]
[info] i  hosting[nxusdxb]: finalizing version... 
[debug] [2026-04-19T21:50:02.446Z] Checked if tokens are valid: true, expires at: 1776638992496
[debug] [2026-04-19T21:50:02.446Z] Checked if tokens are valid: true, expires at: 1776638992496
[debug] [2026-04-19T21:50:02.446Z] >>> [apiv2][query] PATCH https://firebasehosting.googleapis.com/v1beta1/projects/-/sites/nxusdxb/versions/e71cd940ca611696 updateMask=status%2Cconfig
[debug] [2026-04-19T21:50:02.446Z] >>> [apiv2][body] PATCH https://firebasehosting.googleapis.com/v1beta1/projects/-/sites/nxusdxb/versions/e71cd940ca611696 {"status":"FINALIZED","config":{"rewrites":[{"glob":"**","path":"/index.html"}]}}
[debug] [2026-04-19T21:50:03.223Z] <<< [apiv2][status] PATCH https://firebasehosting.googleapis.com/v1beta1/projects/-/sites/nxusdxb/versions/e71cd940ca611696 200
[debug] [2026-04-19T21:50:03.223Z] <<< [apiv2][body] PATCH https://firebasehosting.googleapis.com/v1beta1/projects/-/sites/nxusdxb/versions/e71cd940ca611696 {"name":"projects/518385929367/sites/nxusdxb/versions/e71cd940ca611696","status":"FINALIZED","config":{"rewrites":[{"glob":"**","path":"/index.html"}]},"labels":{"deployment-tool":"cli-firebase"},"createTime":"2026-04-19T21:49:58.463819Z","createUser":{"email":"nxusglobal@gmail.com"},"finalizeTime":"2026-04-19T21:50:03.052183Z","finalizeUser":{"email":"nxusglobal@gmail.com"}}
[debug] [2026-04-19T21:50:03.223Z] [hosting] finalized version for nxusdxb:[object Object]
[info] ✔  hosting[nxusdxb]: version finalized 
[info] i  hosting[nxusdxb]: releasing new version... 
[debug] [2026-04-19T21:50:03.224Z] Checked if tokens are valid: true, expires at: 1776638992496
[debug] [2026-04-19T21:50:03.224Z] Checked if tokens are valid: true, expires at: 1776638992496
[debug] [2026-04-19T21:50:03.224Z] >>> [apiv2][query] POST https://firebasehosting.googleapis.com/v1beta1/projects/-/sites/nxusdxb/channels/live/releases versionName=projects%2F518385929367%2Fsites%2Fnxusdxb%2Fversions%2Fe71cd940ca611696
[debug] [2026-04-19T21:50:03.224Z] >>> [apiv2][body] POST https://firebasehosting.googleapis.com/v1beta1/projects/-/sites/nxusdxb/channels/live/releases {}
[debug] [2026-04-19T21:50:04.550Z] <<< [apiv2][status] POST https://firebasehosting.googleapis.com/v1beta1/projects/-/sites/nxusdxb/channels/live/releases 200
[debug] [2026-04-19T21:50:04.550Z] <<< [apiv2][body] POST https://firebasehosting.googleapis.com/v1beta1/projects/-/sites/nxusdxb/channels/live/releases {"name":"projects/518385929367/sites/nxusdxb/channels/live/releases/1776635403676000","version":{"name":"projects/518385929367/sites/nxusdxb/versions/e71cd940ca611696","status":"FINALIZED","config":{"rewrites":[{"glob":"**","path":"/index.html"}]},"labels":{"deployment-tool":"cli-firebase"},"createTime":"2026-04-19T21:49:58.463819Z","createUser":{"email":"nxusglobal@gmail.com","imageUrl":"https://lh3.googleusercontent.com/a/ACg8ocLgG1rL6Z7bYKCutw0WG0vAbnY8yyWLnvoBRGJQVbWGLysUR7A"},"finalizeTime":"2026-04-19T21:50:03.052183Z","finalizeUser":{"email":"nxusglobal@gmail.com","imageUrl":"https://lh3.googleusercontent.com/a/ACg8ocLgG1rL6Z7bYKCutw0WG0vAbnY8yyWLnvoBRGJQVbWGLysUR7A"}},"type":"DEPLOY","releaseTime":"2026-04-19T21:50:03.676Z","releaseUser":{"email":"nxusglobal@gmail.com","imageUrl":"https://lh3.googleusercontent.com/a/ACg8ocLgG1rL6Z7bYKCutw0WG0vAbnY8yyWLnvoBRGJQVbWGLysUR7A"}}
[debug] [2026-04-19T21:50:04.550Z] [hosting] release: {"name":"projects/518385929367/sites/nxusdxb/channels/live/releases/1776635403676000","version":{"name":"projects/518385929367/sites/nxusdxb/versions/e71cd940ca611696","status":"FINALIZED","config":{"rewrites":[{"glob":"**","path":"/index.html"}]},"labels":{"deployment-tool":"cli-firebase"},"createTime":"2026-04-19T21:49:58.463819Z","createUser":{"email":"nxusglobal@gmail.com","imageUrl":"https://lh3.googleusercontent.com/a/ACg8ocLgG1rL6Z7bYKCutw0WG0vAbnY8yyWLnvoBRGJQVbWGLysUR7A"},"finalizeTime":"2026-04-19T21:50:03.052183Z","finalizeUser":{"email":"nxusglobal@gmail.com","imageUrl":"https://lh3.googleusercontent.com/a/ACg8ocLgG1rL6Z7bYKCutw0WG0vAbnY8yyWLnvoBRGJQVbWGLysUR7A"}},"type":"DEPLOY","releaseTime":"2026-04-19T21:50:03.676Z","releaseUser":{"email":"nxusglobal@gmail.com","imageUrl":"https://lh3.googleusercontent.com/a/ACg8ocLgG1rL6Z7bYKCutw0WG0vAbnY8yyWLnvoBRGJQVbWGLysUR7A"}}
[info] ✔  hosting[nxusdxb]: release complete 
[info] 
[info] ✔  Deploy complete! 
[info] 
[info] Project Console: https://console.firebase.google.com/project/nxusdxb/overview
[info] Hosting URL: https://nxusdxb.web.app
